20:35:39 **** Build of configuration Debug for project App1.2 ****
make -j12 all 
arm-none-eabi-gcc "../Core/Src/main.c" -mcpu=cortex-m4 -std=gnu11 -g3 -DDEBUG -DUSE_HAL_DRIVER -DSTM32F439xx -c -I../Core/Inc -I../Drivers/STM32F4xx_HAL_Driver/Inc -I../Drivers/STM32F4xx_HAL_Driver/Inc/Legacy -I../Drivers/CMSIS/Device/ST/STM32F4xx/Include -I../Drivers/CMSIS/Include -O0 -ffunction-sections -fdata-sections -Wall -fstack-usage -fcyclomatic-complexity -MMD -MP -MF"Core/Src/main.d" -MT"Core/Src/main.o" --specs=nano.specs -mfpu=fpv4-sp-d16 -mfloat-abi=hard -mthumb -o "Core/Src/main.o"
arm-none-eabi-gcc -o "App1.2.elf" @"objects.list"   -mcpu=cortex-m4 -T"C:\Users\Carlitoz\Documents\Proyectos STM32\Practicas_TD2\App1.2\STM32F439ZITX_FLASH.ld" --specs=nosys.specs -Wl,-Map="App1.2.map" -Wl,--gc-sections -static --specs=nano.specs -mfpu=fpv4-sp-d16 -mfloat-abi=hard -mthumb -Wl,--start-group -lc -lm -Wl,--end-group
Finished building target: App1.2.elf
 
arm-none-eabi-size  App1.2.elf 
arm-none-eabi-objdump -h -S App1.2.elf  > "App1.2.list"
   text	   data	    bss	    dec	    hex	filename
   6596	     32	   1576	   8204	   200c	App1.2.elf
Finished building: default.size.stdout
 
Finished building: App1.2.list
 

20:35:41 Build Finished. 0 errors, 0 warnings. (took 1s.434ms)

